
==================================================
📍 New Target Opened the Link
--------------------------------------------------
Source: GPS (Device)
IP: 2001:4456:c08:2400:6c15:25d3:69b8:25cb
Latitude: 7.0712
Longitude: 125.6089
Time: 2026-03-01 14:46:53
==================================================


==================================================
📍 New Target Opened the Link
--------------------------------------------------
Source: IP Geolocation
IP: 2001:4456:c08:2400:6c15:25d3:69b8:25cb
Latitude: 7.0712
Longitude: 125.6089
Location: Davao City, Davao Region, Philippines
ISP: Philippine Long Distance Telephone Co.
Time: 2026-03-01 14:50:30
==================================================


==================================================
📍 New Target Opened the Link
--------------------------------------------------
Source: GPS (Device)
IP: 2001:4456:c08:2400:98bb:11eb:274:620d
Latitude: 7.2340084871537
Longitude: 125.6242668119
Time: 2026-03-01 14:56:54
==================================================


==================================================
📍 New Target Opened the Link
--------------------------------------------------
Source: GPS (Device)
IP: 2001:4456:c08:2400:98bb:11eb:274:620d
Latitude: 7.2340084871537
Longitude: 125.6242668119
Time: 2026-03-01 14:57:10
==================================================


==================================================
📍 New Target Opened the Link
--------------------------------------------------
Source: IP Geolocation
IP: 2001:4456:c08:2400:193e:24ed:a4a0:7a2d
Latitude: 7.0712
Longitude: 125.6089
Location: Davao City, Davao Region, Philippines
ISP: Philippine Long Distance Telephone Co.
Time: 2026-03-16 23:56:06
==================================================


==================================================
📍 New Target Opened the Link
--------------------------------------------------
Source: IP Geolocation
IP: 2001:4456:c08:2400:8580:1f2d:2a39:b680
Latitude: 7.0712
Longitude: 125.6089
Location: Davao City, Davao Region, Philippines
ISP: Philippine Long Distance Telephone Co.
Time: 2026-03-18 14:18:05
==================================================


==================================================
📍 New Target Opened the Link
--------------------------------------------------
Source: GPS (Device)
IP: 2001:4456:c08:2400:8580:1f2d:2a39:b680
Latitude: 7.0712
Longitude: 125.6089
Time: 2026-03-18 14:22:52
==================================================


==================================================
📍 New Target Opened the Link
--------------------------------------------------
Source: GPS (Device)
IP: 2001:4456:c08:2400:f127:3ac8:4215:7af0
Latitude: 7.0712
Longitude: 125.6089
Time: 2026-03-18 22:20:02
==================================================


==================================================
📍 New Target Opened the Link
--------------------------------------------------
Source: GPS (Device)
IP: 2001:4456:c08:2400:8cf5:bb3a:37be:449d
Latitude: 7.2340020699564
Longitude: 125.62420153094
Time: 2026-03-18 22:22:46
==================================================


==================================================
📍 New Target Opened the Link
--------------------------------------------------
Source: GPS (Device)
IP: 2001:4456:c08:2400:8978:8e30:c00b:264
Latitude: 7.0712
Longitude: 125.6089
Time: 2026-03-21 06:23:51
==================================================


==================================================
📍 New Target Opened the Link
--------------------------------------------------
Source: GPS (Device)
IP: 2001:fd8:265b:34b6:50d4:f9e9:c6cd:f447
Latitude: 7.2339898635395
Longitude: 125.62430893657
Time: 2026-03-21 06:24:45
==================================================


==================================================
📍 New Target Opened the Link
--------------------------------------------------
Source: GPS (Device)
IP: 2001:4456:c08:2400:813c:5086:aefc:25b
Latitude: 7.234004101263
Longitude: 125.62426664267
Time: 2026-03-22 05:27:27
==================================================


==================================================
📍 New Target Opened the Link
--------------------------------------------------
Source: GPS (Device)
IP: 2001:4456:c08:2400:813c:5086:aefc:25b
Latitude: 7.234004101263
Longitude: 125.62426664267
Time: 2026-03-22 05:28:19
==================================================

